breakwater_seed: 1/4 published
covenant_seed: 1/4 published
breakwater_seed: 2/4 published
covenant_seed: 2/4 published
breakwater_seed: 3/4 published
covenant_seed: 3/4 published
covenant_seed: 4/4 published
breakwater_seed: 4/4 published
breakwater_A: 5/24 published
covenant_B: 5/24 published
breakwater_A: 6/24 published
covenant_B: 6/24 published
breakwater_A: 7/24 published
covenant_B: 7/24 published
breakwater_A: 8/24 published
breakwater_A: 9/24 published
breakwater_A: 10/24 published
breakwater_B: 5/24 published
covenant_B: 8/24 published
breakwater_A: 11/24 published
covenant_A: 5/24 published
covenant_B: 9/24 published
breakwater_B: 6/24 published
breakwater_A: 12/24 published
covenant_A: 6/24 published
covenant_B: 10/24 published
breakwater_A: 13/24 published
covenant_A: 7/24 published
covenant_B: 11/24 published
breakwater_B: 7/24 published
breakwater_A: 14/24 published
covenant_B: 12/24 published
breakwater_B: 8/24 published
breakwater_A: 15/24 published
covenant_B: 13/24 published
covenant_A: 8/24 published
breakwater_B: 9/24 published
breakwater_A: 16/24 published
covenant_B: 14/24 published
covenant_A: 9/24 published
breakwater_A: 17/24 published
covenant_B: 15/24 published
breakwater_B: 10/24 published
breakwater_A: 18/24 published
covenant_B: 16/24 published
breakwater_B: 11/24 published
covenant_B: 17/24 published
breakwater_A: 19/24 published
covenant_B: 18/24 published
breakwater_B: 12/24 published
breakwater_A: 20/24 published
covenant_A: 10/24 published
breakwater_B: 13/24 published
breakwater_A: 21/24 published
covenant_B: 19/24 published
breakwater_A: 22/24 published
covenant_A: 11/24 published
covenant_B: 20/24 published
breakwater_A: 23/24 published
covenant_A: 12/24 published
breakwater_B: 14/24 published
breakwater_A: 24/24 published
covenant_A: 13/24 published
covenant_B: 21/24 published
covenant_B: 22/24 published
covenant_B: 23/24 published
covenant_B: 24/24 published
covenant_A: 14/24 published
breakwater_B: 15/24 published
breakwater_B: 16/24 published
breakwater_B: 17/24 published
breakwater_B: 18/24 published
breakwater_B: 19/24 published
breakwater_B: 20/24 published
covenant_A: 15/24 published
breakwater_B: 21/24 published
breakwater_B: 22/24 published
covenant_A: 16/24 published
breakwater_B: 23/24 published
breakwater_B: 24/24 published
covenant_A: 17/24 published
covenant_A: 18/24 published
covenant_A: 19/24 published
covenant_A: 20/24 published
covenant_A: 21/24 published
covenant_A: 22/24 published
covenant_A: 23/24 published
covenant_A: 24/24 published
All four 24-turn lanes complete. Every first result retained.
